// Jest Snapshot v1, https://goo.gl/fbAQLP

exports[`Header.vue Matches snapshot 1`] = `
<ul
  class="socials__list"
>
  <socials-list-item-stub
    reviewauthor="Alexey"
    reviewmessage="Good movie"
  />
</ul>
`;
