// Jest Snapshot v1, https://goo.gl/fbAQLP

exports[`Header.vue Matches snapshot 1`] = `
<nav
  class="main-nav main-nav--closed"
  role="navigation"
>
  <navigationlist-stub />
</nav>
`;
